\BOOKMARK [1][-]{Doc-Start}{\376\377\000I\000n\000t\000r\000o\000d\000u\000c\000c\000i\000\363\000n}{}% 1
\BOOKMARK [1][-]{Doc-Start}{\376\377\000C\000a\000p\000\355\000t\000u\000l\000o\000\040\000I}{}% 2
\BOOKMARK [2][-]{subsection.1.1}{\376\377\000D\000e\000f\000i\000n\000i\000c\000i\000\363\000n\000\040\000d\000e\000l\000\040\000P\000r\000o\000b\000l\000e\000m\000a}{Doc-Start}% 3
\BOOKMARK [3][-]{subsubsection.1.1.1}{\376\377\000D\000e\000s\000c\000r\000i\000p\000c\000i\000\363\000n\000\040\000d\000e\000l\000\040\000P\000r\000o\000b\000l\000e\000m\000a}{subsection.1.1}% 4
\BOOKMARK [3][-]{subsubsection.1.1.2}{\376\377\000F\000o\000r\000m\000u\000l\000a\000c\000i\000o\000n\000\040\000d\000e\000l\000\040\000P\000r\000o\000b\000l\000e\000m\000a}{subsection.1.1}% 5
\BOOKMARK [4][-]{paragraph.1.1.2.1}{\376\377\000P\000r\000o\000b\000l\000e\000m\000a\000\040\000G\000e\000n\000e\000r\000a\000l}{subsubsection.1.1.2}% 6
\BOOKMARK [4][-]{paragraph.1.1.2.2}{\376\377\000P\000r\000o\000b\000l\000e\000m\000a\000s\000\040\000e\000s\000p\000e\000c\000i\000f\000i\000c\000o\000s}{subsubsection.1.1.2}% 7
\BOOKMARK [2][-]{subsection.1.2}{\376\377\000D\000e\000f\000i\000n\000i\000c\000i\000o\000n\000\040\000d\000e\000\040\000O\000b\000j\000e\000t\000i\000v\000o\000s}{Doc-Start}% 8
\BOOKMARK [3][-]{subsubsection.1.2.1}{\376\377\000O\000b\000j\000e\000t\000i\000v\000o\000\040\000G\000e\000n\000e\000r\000a\000l}{subsection.1.2}% 9
\BOOKMARK [3][-]{subsubsection.1.2.2}{\376\377\000O\000b\000j\000e\000t\000i\000v\000o\000s\000\040\000E\000s\000p\000e\000c\000i\000f\000i\000c\000o\000s}{subsection.1.2}% 10
\BOOKMARK [2][-]{subsection.1.3}{\376\377\000A\000l\000c\000a\000n\000c\000e\000s\000\040\000y\000\040\000L\000i\000m\000i\000t\000a\000c\000i\000o\000n\000e\000s}{Doc-Start}% 11
\BOOKMARK [3][-]{subsubsection.1.3.1}{\376\377\000A\000l\000c\000a\000n\000c\000e\000s}{subsection.1.3}% 12
\BOOKMARK [3][-]{subsubsection.1.3.2}{\376\377\000L\000i\000m\000i\000t\000a\000c\000i\000o\000n\000e\000s}{subsection.1.3}% 13
\BOOKMARK [2][-]{subsection.1.4}{\376\377\000J\000u\000s\000t\000i\000f\000i\000c\000a\000c\000i\000\363\000n}{Doc-Start}% 14
\BOOKMARK [3][-]{subsubsection.1.4.1}{\376\377\000E\000c\000o\000n\000o\000m\000i\000c\000o}{subsection.1.4}% 15
\BOOKMARK [3][-]{subsubsection.1.4.2}{\376\377\000T\000e\000c\000n\000o\000l\000o\000g\000i\000c\000o}{subsection.1.4}% 16
\BOOKMARK [3][-]{subsubsection.1.4.3}{\376\377\000S\000o\000c\000i\000a\000l}{subsection.1.4}% 17
\BOOKMARK [3][-]{subsubsection.1.4.4}{\376\377\000A\000m\000b\000i\000e\000n\000t\000a\000l}{subsection.1.4}% 18
\BOOKMARK [1][-]{subsubsection.1.4.4}{\376\377\000C\000a\000p\000\355\000t\000u\000l\000o\000\040\000I\000I}{}% 19
\BOOKMARK [2][-]{subsection.1.5}{\376\377\000A\000n\000t\000e\000c\000e\000d\000e\000n\000t\000e\000s}{subsubsection.1.4.4}% 20
\BOOKMARK [3][-]{subsubsection.1.5.1}{\376\377\000A\000n\000t\000e\000c\000e\000d\000e\000n\000t\000e\000s\000\040\000I\000n\000t\000e\000r\000n\000a\000c\000i\000o\000n\000a\000l\000e\000s}{subsection.1.5}% 21
\BOOKMARK [3][-]{subsubsection.1.5.2}{\376\377\000A\000n\000t\000e\000c\000e\000d\000e\000n\000t\000e\000s\000\040\000N\000a\000c\000i\000o\000n\000a\000l\000e\000s}{subsection.1.5}% 22
\BOOKMARK [1][-]{subsubsection.1.5.2}{\376\377\000A\000n\000e\000x\000o\000s}{}% 23
